{"name":"test","protocol_version":"2","integration_version":"1.0.0","data":[{"entity":{"name":"test","type":"instance"},"metrics":[],"inventory":{},"events":[]},{"entity":{"name":"master","type":"database"},"metrics":[{"displayName":"master","entityName":"database:master","event_type":"MssqlDatabaseSample","log.transactionGrowth":0}],"inventory":{},"events":[]},{"entity":{"name":"otherdb","type":"database"},"metrics":[{"displayName":"otherdb","entityName":"database:otherdb","event_type":"MssqlDatabaseSample","log.transactionGrowth":1}],"inventory":{},"events":[]}]}