{"name":"test","protocol_version":"2","integration_version":"1.0.0","data":[{"entity":{"name":"test","type":"instance"},"metrics":[{"access.pageSplitsPerSecond":2509,"buffer.cacheHitRatio":22,"buffer.checkpointPagesPerSecond":848,"bufferpool.batchRequestsPerSecond":18021,"bufferpool.pageLifeExpectancyInMilliseconds":1112946000,"displayName":"test","entityName":"instance:test","event_type":"MssqlInstanceSample","instance.forcedParameterizationsPerSecond":0,"instance.transactionsPerSecond":184700,"stats.connections":3,"stats.deadlocksPerSecond":0,"stats.killConnectionErrorsPerSecond":0,"stats.lockWaitsPerSecond":641,"stats.sqlCompilationsPerSecond":0,"stats.sqlRecompilationsPerSecond":0,"stats.userErrorsPerSecond":0,"system.bufferPoolHit":100}],"inventory":{},"events":[]}]}